\BOOKMARK [1][]{section.1}{\376\377\116\000\060\001\000\040\225\356\230\230\221\315\217\360}{}% 1
\BOOKMARK [2][]{subsection.1.1}{\376\377\0001\000.\0001\000\040\225\356\230\230\200\314\146\157}{section.1}% 2
\BOOKMARK [2][]{subsection.1.2}{\376\377\0001\000.\0002\000\040\225\356\230\230\143\320\121\372}{section.1}% 3
\BOOKMARK [1][]{section.2}{\376\377\116\214\060\001\000\040\225\356\230\230\122\006\147\220}{}% 4
\BOOKMARK [1][]{section.3}{\376\377\116\011\060\001\000\040\152\041\127\213\120\107\213\276}{}% 5
\BOOKMARK [1][]{section.4}{\376\377\126\333\060\001\000\040\173\046\123\367\213\364\146\016}{}% 6
\BOOKMARK [1][]{section.5}{\376\377\116\224\060\001\000\040\152\041\127\213\121\306\131\007}{}% 7
\BOOKMARK [1][]{section.6}{\376\377\121\155\060\001\000\040\225\356\230\230\116\000\166\204\152\041\127\213\136\372\172\313\116\016\154\102\211\343}{}% 8
\BOOKMARK [2][]{subsection.6.1}{\376\377\0006\000.\0001\000\040\121\167\117\123\122\006\147\220}{section.6}% 9
\BOOKMARK [2][]{subsection.6.2}{\376\377\0006\000.\0002\000\040\145\160\143\156\230\204\131\004\164\006}{section.6}% 10
\BOOKMARK [2][]{subsection.6.3}{\376\377\0006\000.\0003\000\040\152\041\127\213\136\372\172\313}{section.6}% 11
\BOOKMARK [2][]{subsection.6.4}{\376\377\0006\000.\0004\000\040\152\041\127\213\154\102\211\343}{section.6}% 12
\BOOKMARK [2][]{subsection.6.5}{\376\377\0006\000.\0005\000\040\176\323\147\234\122\006\147\220}{section.6}% 13
\BOOKMARK [1][]{section.7}{\376\377\116\003\060\001\000\040\225\356\230\230\116\214\166\204\152\041\127\213\136\372\172\313\116\016\154\102\211\343}{}% 14
\BOOKMARK [2][]{subsection.7.1}{\376\377\0007\000.\0001\000\040\121\167\117\123\122\006\147\220}{section.7}% 15
\BOOKMARK [2][]{subsection.7.2}{\376\377\0007\000.\0002\000\040\152\041\127\213\136\372\172\313}{section.7}% 16
\BOOKMARK [2][]{subsection.7.3}{\376\377\0007\000.\0003\000\040\152\041\127\213\154\102\211\343}{section.7}% 17
\BOOKMARK [2][]{subsection.7.4}{\376\377\0007\000.\0004\000\040\176\323\147\234\122\006\147\220}{section.7}% 18
\BOOKMARK [1][]{section.8}{\376\377\121\153\060\001\000\040\225\356\230\230\116\011\166\204\152\041\127\213\136\372\172\313\116\016\154\102\211\343}{}% 19
\BOOKMARK [2][]{subsection.8.1}{\376\377\0008\000.\0001\000\040\121\167\117\123\122\006\147\220}{section.8}% 20
\BOOKMARK [2][]{subsection.8.2}{\376\377\0008\000.\0002\000\040\152\041\127\213\136\372\172\313}{section.8}% 21
\BOOKMARK [2][]{subsection.8.3}{\376\377\0008\000.\0003\000\040\152\041\127\213\154\102\211\343}{section.8}% 22
\BOOKMARK [2][]{subsection.8.4}{\376\377\0008\000.\0004\000\040\176\323\147\234\122\006\147\220}{section.8}% 23
\BOOKMARK [1][]{section.9}{\376\377\116\135\060\001\000\040\225\356\230\230\126\333\166\204\152\041\127\213\136\372\172\313\116\016\154\102\211\343}{}% 24
\BOOKMARK [2][]{subsection.9.1}{\376\377\0009\000.\0001\000\040\121\167\117\123\122\006\147\220}{section.9}% 25
\BOOKMARK [2][]{subsection.9.2}{\376\377\0009\000.\0002\000\040\152\041\127\213\136\372\172\313}{section.9}% 26
\BOOKMARK [2][]{subsection.9.3}{\376\377\0009\000.\0003\000\040\152\041\127\213\154\102\211\343}{section.9}% 27
\BOOKMARK [2][]{subsection.9.4}{\376\377\0009\000.\0004\000\040\176\323\147\234\122\006\147\220}{section.9}% 28
\BOOKMARK [1][]{section.10}{\376\377\123\101\060\001\000\040\152\041\127\213\166\204\122\006\147\220\116\016\150\300\232\214}{}% 29
\BOOKMARK [2][]{subsection.10.1}{\376\377\0001\0000\000.\0001\000\040\160\165\145\117\136\246\122\006\147\220}{section.10}% 30
\BOOKMARK [2][]{subsection.10.2}{\376\377\0001\0000\000.\0002\000\040\213\357\135\356\122\006\147\220}{section.10}% 31
\BOOKMARK [2][]{subsection.10.3}{\376\377\0001\0000\000.\0003\000\040\152\041\127\213\133\371\153\324\377\010\123\357\220\011\377\011}{section.10}% 32
\BOOKMARK [1][]{section.11}{\376\377\123\101\116\000\060\001\000\040\152\041\127\213\166\204\213\304\116\367\060\001\145\071\217\333\116\016\143\250\136\177}{}% 33
\BOOKMARK [2][]{subsection.11.1}{\376\377\0001\0001\000.\0001\000\040\152\041\127\213\166\204\117\030\160\271}{section.11}% 34
\BOOKMARK [2][]{subsection.11.2}{\376\377\0001\0001\000.\0002\000\040\152\041\127\213\166\204\177\072\160\271}{section.11}% 35
\BOOKMARK [2][]{subsection.11.3}{\376\377\0001\0001\000.\0003\000\040\152\041\127\213\166\204\145\071\217\333}{section.11}% 36
\BOOKMARK [2][]{subsection.11.4}{\376\377\0001\0001\000.\0004\000\040\152\041\127\213\166\204\143\250\136\177}{section.11}% 37
\BOOKMARK [1][]{section*.4}{\376\377\123\302\200\003\145\207\163\056}{}% 38
\BOOKMARK [1][]{appendix.1.A}{\376\377\226\104\137\125\000\040\000A\000\040\145\057\144\221\147\120\145\231\145\207\116\366\122\027\210\150}{}% 39
\BOOKMARK [1][]{appendix.1.B}{\376\377\226\104\137\125\000\040\000B\000\040\156\220\172\013\136\217\116\343\170\001}{}% 40
\BOOKMARK [2][]{subsection.1.B.1}{\376\377\000B\000.\0001\000\040\145\160\143\156\230\204\131\004\164\006\377\010\000P\000y\000t\000h\000o\000n\377\011}{appendix.1.B}% 41
\BOOKMARK [2][]{subsection.1.B.2}{\376\377\000B\000.\0002\000\040\225\356\230\230\116\000\154\102\211\343\377\010\000M\000A\000T\000L\000A\000B\377\011}{appendix.1.B}% 42
\BOOKMARK [2][]{subsection.1.B.3}{\376\377\000B\000.\0003\000\040\225\356\230\230\116\214\154\102\211\343\377\010\000P\000y\000t\000h\000o\000n\377\011}{appendix.1.B}% 43
\BOOKMARK [2][]{subsection.1.B.4}{\376\377\000B\000.\0004\000\040\225\356\230\230\116\011\154\102\211\343\377\010\000C\377\011}{appendix.1.B}% 44
\BOOKMARK [2][]{subsection.1.B.5}{\376\377\000B\000.\0005\000\040\225\356\230\230\126\333\154\102\211\343\377\010\000C\000+\000+\377\011}{appendix.1.B}% 45
